C:\Users\HP\Desktop\New folder (2)\src\main\java\com\attendance\util\QRGenerator.java
C:\Users\HP\Desktop\New folder (2)\src\main\java\com\attendance\model\AttendanceRecord.java
C:\Users\HP\Desktop\New folder (2)\src\main\java\com\attendance\db\AttendanceDao.java
C:\Users\HP\Desktop\New folder (2)\src\main\java\com\attendance\db\StudentDao.java
C:\Users\HP\Desktop\New folder (2)\src\main\java\com\attendance\model\Student.java
C:\Users\HP\Desktop\New folder (2)\src\main\java\com\attendance\db\TeacherDao.java
C:\Users\HP\Desktop\New folder (2)\src\main\java\com\attendance\Main.java
C:\Users\HP\Desktop\New folder (2)\src\main\java\com\attendance\ui\LoginFrame.java
C:\Users\HP\Desktop\New folder (2)\src\main\java\com\attendance\util\ExcelExporter.java
C:\Users\HP\Desktop\New folder (2)\src\main\java\com\attendance\util\QRScanner.java
C:\Users\HP\Desktop\New folder (2)\src\main\java\com\attendance\db\DatabaseConnection.java
C:\Users\HP\Desktop\New folder (2)\src\main\java\com\attendance\model\Teacher.java
C:\Users\HP\Desktop\New folder (2)\src\main\java\com\attendance\util\LocationValidator.java
C:\Users\HP\Desktop\New folder (2)\src\main\java\com\attendance\ui\StudentDashboardFrame.java
C:\Users\HP\Desktop\New folder (2)\src\main\java\com\attendance\ui\TeacherDashboardFrame.java
C:\Users\HP\Desktop\New folder (2)\src\main\java\com\attendance\ui\components\GlassPanel.java
